// Jest Snapshot v1, https://goo.gl/fbAQLP

exports[`update/create geojson  adds meta info to svg if not yet present - multiline 1`] = `
"<svg width=\\"100%\\" height=\\"100%\\" viewBox=\\"0 0 2550 1994\\" version=\\"1.1\\" xmlns=\\"http://www.w3.org/2000/svg\\" xmlns:xlink=\\"http://www.w3.org/1999/xlink\\" xml:space=\\"preserve\\" xmlns:serif=\\"http://www.serif.com/\\" style=\\"fill-rule:evenodd;clip-rule:evenodd;stroke-linejoin:round;stroke-miterlimit:2;\\"><MetaInfo xmlns=\\"http://www.prognoz.ru\\"><Geo><GeoItem X=\\"0\\" Y=\\"0\\" Latitude=\\"51.24177020918754\\" Longitude=\\"7.105611562728882\\"/><GeoItem X=\\"2550\\" Y=\\"1994\\" Latitude=\\"51.236776961813064\\" Longitude=\\"7.115809321403503\\"/></Geo></MetaInfo>
            <g id=\\"Zoo\\"></g>
        </svg>"
`;

exports[`update/create geojson  adds meta info to svg if not yet present - singleline 1`] = `"<svg width=\\"100%\\" height=\\"100%\\" viewBox=\\"0 0 2550 1994\\" version=\\"1.1\\" xmlns=\\"http://www.w3.org/2000/svg\\" xmlns:xlink=\\"http://www.w3.org/1999/xlink\\" xml:space=\\"preserve\\" xmlns:serif=\\"http://www.serif.com/\\" style=\\"fill-rule:evenodd;clip-rule:evenodd;stroke-linejoin:round;stroke-miterlimit:2;\\"><MetaInfo xmlns=\\"http://www.prognoz.ru\\"><Geo><GeoItem X=\\"0\\" Y=\\"0\\" Latitude=\\"51.24177020918754\\" Longitude=\\"7.105611562728882\\"/><GeoItem X=\\"2550\\" Y=\\"1994\\" Latitude=\\"51.236776961813064\\" Longitude=\\"7.115809321403503\\"/></Geo></MetaInfo><g id=\\"Zoo\\"></g></svg>"`;

exports[`update/create geojson  leave svg untouched if meta info is already present - multiline 1`] = `
"<svg width=\\"100%\\" height=\\"100%\\" viewBox=\\"0 0 2550 1994\\" version=\\"1.1\\" xmlns=\\"http://www.w3.org/2000/svg\\" xmlns:xlink=\\"http://www.w3.org/1999/xlink\\" xml:space=\\"preserve\\" xmlns:serif=\\"http://www.serif.com/\\" style=\\"fill-rule:evenodd;clip-rule:evenodd;stroke-linejoin:round;stroke-miterlimit:2;\\">
            <MetaInfo xmlns=\\"http://www.prognoz.ru\\">
                <Geo>
                    <GeoItem X=\\"0\\" Y=\\"0\\" Latitude=\\"51.24177020918754\\" Longitude=\\"7.105611562728882\\"/>
                    <GeoItem X=\\"2550\\" Y=\\"1994\\" Latitude=\\"51.236776961813064\\" Longitude=\\"7.115809321403503\\"/>
                </Geo>
            </MetaInfo>
            <g id=\\"Zoo\\"></g>
        </svg>"
`;

exports[`update/create geojson  leave svg untouched if meta info is already present - singleline 1`] = `"<svg width=\\"100%\\" height=\\"100%\\" viewBox=\\"0 0 2550 1994\\" version=\\"1.1\\" xmlns=\\"http://www.w3.org/2000/svg\\" xmlns:xlink=\\"http://www.w3.org/1999/xlink\\" xml:space=\\"preserve\\" xmlns:serif=\\"http://www.serif.com/\\" style=\\"fill-rule:evenodd;clip-rule:evenodd;stroke-linejoin:round;stroke-miterlimit:2;\\"><MetaInfo xmlns=\\"http://www.prognoz.ru\\"><Geo><GeoItem X=\\"0\\" Y=\\"0\\" Latitude=\\"51.24177020918754\\" Longitude=\\"7.105611562728882\\"/><GeoItem X=\\"2550\\" Y=\\"1994\\" Latitude=\\"51.236776961813064\\" Longitude=\\"7.115809321403503\\"/></Geo></MetaInfo><g id=\\"Zoo\\"></g></svg>"`;
